MISS/MULTI 0 blog/comparison/index.html :: <title>Ikoyi vs Lekki vs Banana Island — Which Luxury Neighb
MISS/MULTI 0 blog/comparison/index.html :: <meta property="og:title" content="Ikoyi vs Lekki vs Banana 
OK blog/comparison/index.html
MISS/MULTI 0 blog/listicle/index.html :: <title>Top 10 Luxury Homes for Sale in Lagos (2026) — From ₦
MISS/MULTI 0 blog/listicle/index.html :: <meta property="og:title" content="Top 10 Luxury Homes for S
OK blog/listicle/index.html
MISS/MULTI 0 blog/best-areas-lagos-expats.html :: <title>Best Areas to Live in Lagos for Expats and High-Net-W
OK blog/best-areas-lagos-expats.html
MISS/MULTI 0 blog/certificate-of-occupancy-vs-governors-consent.html :: <title>Certificate of Occupancy vs Governor's Consent: Key D
OK blog/certificate-of-occupancy-vs-governors-consent.html
MISS/MULTI 0 blog/luxury-real-estate-investment-roi-lagos.html :: <title>Is Luxury Real Estate in Lagos a Good Investment? ROI
MISS/MULTI 0 blog/luxury-real-estate-investment-roi-lagos.html :: <meta name="description" content="Calculate luxury real esta
OK blog/luxury-real-estate-investment-roi-lagos.html
MISS/MULTI 0 blog/market-trend-blog-post.html :: <title>Navigating the Nigerian Real Estate Market Trend: A 2
OK blog/market-trend-blog-post.html
MISS/MULTI 0 blog/property-selling-guide-nigeria.html :: <title>The Ultimate Nigerian Property Selling Guide: Maximiz
OK blog/property-selling-guide-nigeria.html
MISS/MULTI 0 blog/real-estate-news-market-trends.html :: <title>Nigerian Real Estate News &amp; Market Trends | Luxur
MISS/MULTI 0 blog/real-estate-news-market-trends.html :: <meta name="description" content="Stay ahead with the latest
OK blog/real-estate-news-market-trends.html
OK buying-guides-blog.html
OK property_selling_guide_nigeria.html
OK Real_estate_news.html
OK market_trend_blog_post.html
OK Investment Tips.html
MISS/MULTI 0 blog/banana-island-property-guide.html :: <title>Banana Island Property Guide: Prices, Listings & Inve
OK blog/banana-island-property-guide.html
MISS/MULTI 0 blog/diaspora-guide-buy-property-nigeria-abroad.html :: <title>Diaspora Guide: How to Buy Luxury Property in Nigeria
OK blog/diaspora-guide-buy-property-nigeria-abroad.html
MISS/MULTI 0 blog/documents-needed-buy-property-nigeria.html :: <title>What Documents Do I Need to Buy Property in Nigeria? 
OK blog/documents-needed-buy-property-nigeria.html
MISS/MULTI 0 blog/how-to-buy-luxury-property-nigeria.html :: <title>How to Buy Luxury Property in Nigeria: Step-by-Step G
MISS/MULTI 0 blog/how-to-buy-luxury-property-nigeria.html :: <meta property="og:title" content="How to Buy Luxury Propert
OK blog/how-to-buy-luxury-property-nigeria.html
MISS/MULTI 0 blog/ikoyi-real-estate-guide.html :: <title>Ikoyi Real Estate Guide: Prices, Neighborhoods & Inve
OK blog/ikoyi-real-estate-guide.html
MISS/MULTI 0 blog/luxury-home-cost-lagos-2026.html :: <title>How Much Does a Luxury Home Cost in Lagos in 2026? Pr
OK blog/luxury-home-cost-lagos-2026.html
MISS/MULTI 0 blog/most-expensive-neighborhoods-lagos-2026.html :: <title>Most Expensive Neighborhoods in Lagos: Complete Price
MISS/MULTI 0 blog/most-expensive-neighborhoods-lagos-2026.html :: <meta property="og:title" content="Most Expensive Neighborho
OK blog/most-expensive-neighborhoods-lagos-2026.html
OK blog/off-market-properties-lagos.html
MISS/MULTI 0 blog/real-estate-investment-tips-nigeria.html :: <title>10 Real Estate Investment Tips in Nigeria | Luxury Pr
OK blog/real-estate-investment-tips-nigeria.html
MISS/MULTI 0 blog/sell-luxury-property-fast-lagos.html :: <title>How to Sell Your Luxury Property Fast in Lagos 2026 [
OK blog/sell-luxury-property-fast-lagos.html
MISS/MULTI 0 blog/luxury-property-lekki-complete-guide.html :: <meta name="description" content="Complete guide to luxury p
OK blog/luxury-property-lekki-complete-guide.html
MISS/MULTI 0 landing/buy-luxury-property-lekki.html :: <title>Buy Luxury Property in Lekki | Premium Homes & Apartm
OK landing/buy-luxury-property-lekki.html
MISS/MULTI 0 landing/house-for-sale-lekki.html :: <title>House for Sale in Lekki | Luxury Properties Lekki Pha
OK landing/house-for-sale-lekki.html
MISS/MULTI 0 landing/shortlet-apartment-lagos.html :: <title>Shortlet Apartment Lagos | Luxury Shortlet & Serviced
OK landing/shortlet-apartment-lagos.html
